// Jest Snapshot v1, https://goo.gl/fbAQLP

exports[`Component - Title renders title component 1`] = `
<div>
  <h1
    class="sc-bcPKhP gGePeu"
  >
    Gift a friend this holiday
  </h1>
</div>
`;
